loading app controller.py
loading app ryu.controller.ofp_handler
instantiating app controller.py of CNNTSAController
ML inference server reachable at localhost:5000
instantiating app ryu.controller.ofp_handler of OFPHandler
Entropy: 0.00 | Total Pkts: 0 | Threshold: 6.0
Entropy: 0.00 | Total Pkts: 0 | Threshold: 6.0
Entropy: 0.00 | Total Pkts: 0 | Threshold: 6.0
Entropy: 0.00 | Total Pkts: 0 | Threshold: 6.0
Entropy: 0.00 | Total Pkts: 0 | Threshold: 6.0
Entropy: 0.00 | Total Pkts: 0 | Threshold: 6.0
Entropy: 0.00 | Total Pkts: 0 | Threshold: 6.0
Entropy: 0.00 | Total Pkts: 0 | Threshold: 6.0
Entropy: 2.00 | Total Pkts: 7 | Threshold: 3.0
Entropy: 2.00 | Total Pkts: 16 | Threshold: 3.0
Entropy: 2.00 | Total Pkts: 24 | Threshold: 3.0
Entropy: 2.00 | Total Pkts: 32 | Threshold: 3.0
Entropy: 2.00 | Total Pkts: 40 | Threshold: 3.0
Entropy: 2.00 | Total Pkts: 64 | Threshold: 3.0
Entropy: 2.00 | Total Pkts: 72 | Threshold: 3.0
Entropy: 2.00 | Total Pkts: 88 | Threshold: 3.0
Entropy: 2.00 | Total Pkts: 96 | Threshold: 3.0
Entropy: 2.00 | Total Pkts: 104 | Threshold: 3.0
Entropy: 2.00 | Total Pkts: 120 | Threshold: 3.0
Entropy: 2.00 | Total Pkts: 132 | Threshold: 3.0
Entropy: 2.00 | Total Pkts: 140 | Threshold: 3.0
Entropy: 2.00 | Total Pkts: 152 | Threshold: 3.0
Entropy: 2.00 | Total Pkts: 158 | Threshold: 3.0
Entropy: 2.00 | Total Pkts: 168 | Threshold: 3.0
Entropy: 2.00 | Total Pkts: 182 | Threshold: 3.0
Entropy: 2.00 | Total Pkts: 192 | Threshold: 3.0
Entropy: 2.00 | Total Pkts: 204 | Threshold: 3.0
Entropy: 2.00 | Total Pkts: 212 | Threshold: 3.0
Entropy: 2.00 | Total Pkts: 220 | Threshold: 3.0
Entropy: 2.00 | Total Pkts: 232 | Threshold: 3.0
Entropy: 2.00 | Total Pkts: 248 | Threshold: 3.0
Entropy: 2.00 | Total Pkts: 256 | Threshold: 3.0
Entropy: 2.00 | Total Pkts: 266 | Threshold: 3.0
Entropy: 2.00 | Total Pkts: 276 | Threshold: 3.0
Entropy: 2.00 | Total Pkts: 294 | Threshold: 3.0
Entropy: 2.00 | Total Pkts: 310 | Threshold: 3.0
Entropy: 2.00 | Total Pkts: 322 | Threshold: 3.0
Entropy: 2.00 | Total Pkts: 338 | Threshold: 3.0
Entropy: 2.00 | Total Pkts: 350 | Threshold: 3.0
Entropy: 2.00 | Total Pkts: 362 | Threshold: 3.0
Entropy: 2.00 | Total Pkts: 376 | Threshold: 3.0
Entropy: 2.00 | Total Pkts: 388 | Threshold: 3.0
Entropy: 2.00 | Total Pkts: 400 | Threshold: 3.0
Entropy: 2.00 | Total Pkts: 408 | Threshold: 3.0
Entropy: 2.00 | Total Pkts: 426 | Threshold: 3.0
Entropy: 2.00 | Total Pkts: 438 | Threshold: 3.0
Entropy: 2.00 | Total Pkts: 448 | Threshold: 3.0
Entropy: 2.00 | Total Pkts: 464 | Threshold: 3.0
Entropy: 2.00 | Total Pkts: 476 | Threshold: 3.0
Entropy: 2.00 | Total Pkts: 488 | Threshold: 3.0
Entropy: 2.00 | Total Pkts: 496 | Threshold: 3.0
Entropy: 2.00 | Total Pkts: 510 | Threshold: 3.0
Entropy: 2.00 | Total Pkts: 522 | Threshold: 3.0
Entropy: 2.00 | Total Pkts: 528 | Threshold: 3.0
Entropy: 2.00 | Total Pkts: 540 | Threshold: 3.0
Entropy: 2.00 | Total Pkts: 550 | Threshold: 3.0
Entropy: 2.00 | Total Pkts: 562 | Threshold: 3.0
Entropy: 2.00 | Total Pkts: 568 | Threshold: 3.0
Entropy: 2.00 | Total Pkts: 580 | Threshold: 3.0
Entropy: 2.00 | Total Pkts: 592 | Threshold: 3.0
Entropy: 2.00 | Total Pkts: 596 | Threshold: 3.0
Entropy: 2.00 | Total Pkts: 614 | Threshold: 3.0
Entropy: 2.00 | Total Pkts: 620 | Threshold: 3.0
Entropy: 2.00 | Total Pkts: 630 | Threshold: 3.0
Entropy: 2.00 | Total Pkts: 642 | Threshold: 3.0
Entropy: 2.00 | Total Pkts: 648 | Threshold: 3.0
Entropy: 2.00 | Total Pkts: 664 | Threshold: 3.0
Entropy: 2.00 | Total Pkts: 672 | Threshold: 3.0
Entropy: 2.00 | Total Pkts: 688 | Threshold: 3.0
Entropy: 2.00 | Total Pkts: 694 | Threshold: 3.0
Entropy: 2.00 | Total Pkts: 696 | Threshold: 3.0
Entropy: 2.00 | Total Pkts: 696 | Threshold: 3.0
Entropy: 2.00 | Total Pkts: 696 | Threshold: 3.0
Entropy: 2.00 | Total Pkts: 696 | Threshold: 3.0
Entropy: 2.00 | Total Pkts: 696 | Threshold: 3.0
Entropy: 2.00 | Total Pkts: 696 | Threshold: 3.0
Entropy: 2.00 | Total Pkts: 696 | Threshold: 3.0
Entropy: 2.00 | Total Pkts: 696 | Threshold: 3.0
Entropy: 2.00 | Total Pkts: 696 | Threshold: 3.0
Entropy: 2.00 | Total Pkts: 696 | Threshold: 3.0
Entropy: 2.00 | Total Pkts: 696 | Threshold: 3.0
Entropy: 2.00 | Total Pkts: 696 | Threshold: 3.0
Entropy: 2.00 | Total Pkts: 696 | Threshold: 3.0
Entropy: 2.00 | Total Pkts: 696 | Threshold: 3.0
Entropy: 2.00 | Total Pkts: 696 | Threshold: 3.0
Entropy: 2.00 | Total Pkts: 696 | Threshold: 3.0
Entropy: 2.00 | Total Pkts: 696 | Threshold: 3.0
Entropy: 2.00 | Total Pkts: 696 | Threshold: 3.0
Entropy: 2.00 | Total Pkts: 696 | Threshold: 3.0
Entropy: 2.00 | Total Pkts: 696 | Threshold: 3.0
Entropy: 2.00 | Total Pkts: 696 | Threshold: 3.0
Entropy: 2.00 | Total Pkts: 696 | Threshold: 3.0
Entropy: 2.00 | Total Pkts: 696 | Threshold: 3.0
Entropy: 2.00 | Total Pkts: 696 | Threshold: 3.0
Entropy: 2.00 | Total Pkts: 696 | Threshold: 3.0
Entropy: 2.00 | Total Pkts: 696 | Threshold: 3.0
Entropy: 2.00 | Total Pkts: 696 | Threshold: 3.0
Entropy: 2.00 | Total Pkts: 696 | Threshold: 3.0
Entropy: 2.52 | Total Pkts: 2427 | Threshold: 3.0
ML server call failed: HTTP Error 500: INTERNAL SERVER ERROR
ML server call failed: HTTP Error 500: INTERNAL SERVER ERROR
Analyzed 2/10 flows
Entropy: 2.73 | Total Pkts: 23316 | Threshold: 3.0
ML server call failed: HTTP Error 500: INTERNAL SERVER ERROR
ML server call failed: HTTP Error 500: INTERNAL SERVER ERROR
ML server call failed: HTTP Error 500: INTERNAL SERVER ERROR
Analyzed 3/11 flows
Entropy: 2.73 | Total Pkts: 46451 | Threshold: 3.0
ML server call failed: HTTP Error 500: INTERNAL SERVER ERROR
ML server call failed: HTTP Error 500: INTERNAL SERVER ERROR
ML server call failed: HTTP Error 500: INTERNAL SERVER ERROR
Analyzed 3/11 flows
Entropy: 2.73 | Total Pkts: 69670 | Threshold: 3.0
ML server call failed: HTTP Error 500: INTERNAL SERVER ERROR
ML server call failed: HTTP Error 500: INTERNAL SERVER ERROR
ML server call failed: HTTP Error 500: INTERNAL SERVER ERROR
Analyzed 3/11 flows
Entropy: 2.73 | Total Pkts: 92876 | Threshold: 3.0
ML server call failed: HTTP Error 500: INTERNAL SERVER ERROR
ML server call failed: HTTP Error 500: INTERNAL SERVER ERROR
ML server call failed: HTTP Error 500: INTERNAL SERVER ERROR
Analyzed 3/11 flows
Entropy: 2.73 | Total Pkts: 109275 | Threshold: 3.0
ML server call failed: HTTP Error 500: INTERNAL SERVER ERROR
ML server call failed: HTTP Error 500: INTERNAL SERVER ERROR
ML server call failed: HTTP Error 500: INTERNAL SERVER ERROR
Analyzed 3/11 flows
Entropy: 2.73 | Total Pkts: 137054 | Threshold: 3.0
ML server call failed: HTTP Error 500: INTERNAL SERVER ERROR
ML server call failed: HTTP Error 500: INTERNAL SERVER ERROR
ML server call failed: HTTP Error 500: INTERNAL SERVER ERROR
Analyzed 3/11 flows
Entropy: 2.73 | Total Pkts: 164646 | Threshold: 3.0
ML server call failed: HTTP Error 500: INTERNAL SERVER ERROR
ML server call failed: HTTP Error 500: INTERNAL SERVER ERROR
ML server call failed: HTTP Error 500: INTERNAL SERVER ERROR
Analyzed 3/11 flows
Entropy: 2.73 | Total Pkts: 192239 | Threshold: 3.0
ML server call failed: HTTP Error 500: INTERNAL SERVER ERROR
ML server call failed: HTTP Error 500: INTERNAL SERVER ERROR
ML server call failed: HTTP Error 500: INTERNAL SERVER ERROR
Analyzed 3/11 flows
Entropy: 2.73 | Total Pkts: 219829 | Threshold: 3.0
ML server call failed: HTTP Error 500: INTERNAL SERVER ERROR
ML server call failed: HTTP Error 500: INTERNAL SERVER ERROR
ML server call failed: HTTP Error 500: INTERNAL SERVER ERROR
Analyzed 3/11 flows
Entropy: 2.73 | Total Pkts: 247542 | Threshold: 3.0
ML server call failed: HTTP Error 500: INTERNAL SERVER ERROR
ML server call failed: HTTP Error 500: INTERNAL SERVER ERROR
ML server call failed: HTTP Error 500: INTERNAL SERVER ERROR
Analyzed 3/11 flows
Entropy: 2.73 | Total Pkts: 275156 | Threshold: 3.0
ML server call failed: HTTP Error 500: INTERNAL SERVER ERROR
ML server call failed: HTTP Error 500: INTERNAL SERVER ERROR
ML server call failed: HTTP Error 500: INTERNAL SERVER ERROR
Analyzed 3/11 flows
Entropy: 2.73 | Total Pkts: 302765 | Threshold: 3.0
ML server call failed: HTTP Error 500: INTERNAL SERVER ERROR
ML server call failed: HTTP Error 500: INTERNAL SERVER ERROR
ML server call failed: HTTP Error 500: INTERNAL SERVER ERROR
Analyzed 3/11 flows
Entropy: 2.73 | Total Pkts: 330417 | Threshold: 3.0
ML server call failed: HTTP Error 500: INTERNAL SERVER ERROR
ML server call failed: HTTP Error 500: INTERNAL SERVER ERROR
ML server call failed: HTTP Error 500: INTERNAL SERVER ERROR
Analyzed 3/11 flows
Entropy: 2.73 | Total Pkts: 358105 | Threshold: 3.0
ML server call failed: HTTP Error 500: INTERNAL SERVER ERROR
ML server call failed: HTTP Error 500: INTERNAL SERVER ERROR
ML server call failed: HTTP Error 500: INTERNAL SERVER ERROR
Analyzed 3/11 flows
Entropy: 2.73 | Total Pkts: 385809 | Threshold: 3.0
ML server call failed: HTTP Error 500: INTERNAL SERVER ERROR
ML server call failed: HTTP Error 500: INTERNAL SERVER ERROR
ML server call failed: HTTP Error 500: INTERNAL SERVER ERROR
Analyzed 3/11 flows
Entropy: 2.73 | Total Pkts: 413323 | Threshold: 3.0
ML server call failed: HTTP Error 500: INTERNAL SERVER ERROR
ML server call failed: HTTP Error 500: INTERNAL SERVER ERROR
ML server call failed: HTTP Error 500: INTERNAL SERVER ERROR
Analyzed 3/11 flows
Entropy: 2.73 | Total Pkts: 441040 | Threshold: 3.0
ML server call failed: HTTP Error 500: INTERNAL SERVER ERROR
ML server call failed: HTTP Error 500: INTERNAL SERVER ERROR
ML server call failed: HTTP Error 500: INTERNAL SERVER ERROR
Analyzed 3/11 flows
Entropy: 2.73 | Total Pkts: 468717 | Threshold: 3.0
ML server call failed: HTTP Error 500: INTERNAL SERVER ERROR
ML server call failed: HTTP Error 500: INTERNAL SERVER ERROR
ML server call failed: HTTP Error 500: INTERNAL SERVER ERROR
Analyzed 3/11 flows
Entropy: 2.73 | Total Pkts: 496169 | Threshold: 3.0
ML server call failed: HTTP Error 500: INTERNAL SERVER ERROR
ML server call failed: HTTP Error 500: INTERNAL SERVER ERROR
ML server call failed: HTTP Error 500: INTERNAL SERVER ERROR
Analyzed 3/11 flows
Entropy: 2.73 | Total Pkts: 523800 | Threshold: 3.0
ML server call failed: HTTP Error 500: INTERNAL SERVER ERROR
ML server call failed: HTTP Error 500: INTERNAL SERVER ERROR
ML server call failed: HTTP Error 500: INTERNAL SERVER ERROR
Analyzed 3/11 flows
Entropy: 2.73 | Total Pkts: 551585 | Threshold: 3.0
ML server call failed: HTTP Error 500: INTERNAL SERVER ERROR
ML server call failed: HTTP Error 500: INTERNAL SERVER ERROR
ML server call failed: HTTP Error 500: INTERNAL SERVER ERROR
Analyzed 3/11 flows
Entropy: 2.73 | Total Pkts: 579309 | Threshold: 3.0
ML server call failed: HTTP Error 500: INTERNAL SERVER ERROR
ML server call failed: HTTP Error 500: INTERNAL SERVER ERROR
ML server call failed: HTTP Error 500: INTERNAL SERVER ERROR
Analyzed 3/11 flows
Entropy: 2.73 | Total Pkts: 606995 | Threshold: 3.0
ML server call failed: HTTP Error 500: INTERNAL SERVER ERROR
ML server call failed: HTTP Error 500: INTERNAL SERVER ERROR
ML server call failed: HTTP Error 500: INTERNAL SERVER ERROR
Analyzed 3/11 flows
Entropy: 2.73 | Total Pkts: 634734 | Threshold: 3.0
ML server call failed: HTTP Error 500: INTERNAL SERVER ERROR
ML server call failed: HTTP Error 500: INTERNAL SERVER ERROR
ML server call failed: HTTP Error 500: INTERNAL SERVER ERROR
Analyzed 3/11 flows
Entropy: 2.73 | Total Pkts: 662283 | Threshold: 3.0
ML server call failed: HTTP Error 500: INTERNAL SERVER ERROR
ML server call failed: HTTP Error 500: INTERNAL SERVER ERROR
ML server call failed: HTTP Error 500: INTERNAL SERVER ERROR
Analyzed 3/11 flows
Entropy: 2.73 | Total Pkts: 689660 | Threshold: 3.0
ML server call failed: HTTP Error 500: INTERNAL SERVER ERROR
ML server call failed: HTTP Error 500: INTERNAL SERVER ERROR
ML server call failed: HTTP Error 500: INTERNAL SERVER ERROR
Analyzed 3/11 flows
Entropy: 2.73 | Total Pkts: 717193 | Threshold: 3.0
ML server call failed: HTTP Error 500: INTERNAL SERVER ERROR
ML server call failed: HTTP Error 500: INTERNAL SERVER ERROR
ML server call failed: HTTP Error 500: INTERNAL SERVER ERROR
Analyzed 3/11 flows
Entropy: 2.73 | Total Pkts: 744649 | Threshold: 3.0
ML server call failed: HTTP Error 500: INTERNAL SERVER ERROR
ML server call failed: HTTP Error 500: INTERNAL SERVER ERROR
ML server call failed: HTTP Error 500: INTERNAL SERVER ERROR
Analyzed 3/11 flows
Entropy: 2.73 | Total Pkts: 772192 | Threshold: 3.0
ML server call failed: HTTP Error 500: INTERNAL SERVER ERROR
ML server call failed: HTTP Error 500: INTERNAL SERVER ERROR
ML server call failed: HTTP Error 500: INTERNAL SERVER ERROR
Analyzed 3/11 flows
Entropy: 2.64 | Total Pkts: 799808 | Threshold: 3.0
ML server call failed: HTTP Error 500: INTERNAL SERVER ERROR
ML server call failed: HTTP Error 500: INTERNAL SERVER ERROR
ML server call failed: HTTP Error 500: INTERNAL SERVER ERROR
Analyzed 3/9 flows
Entropy: 2.32 | Total Pkts: 824741 | Threshold: 3.0
ML server call failed: HTTP Error 500: INTERNAL SERVER ERROR
ML server call failed: HTTP Error 500: INTERNAL SERVER ERROR
ML server call failed: HTTP Error 500: INTERNAL SERVER ERROR
Analyzed 3/5 flows
Entropy: 1.58 | Total Pkts: 852297 | Threshold: 3.0
ML server call failed: HTTP Error 500: INTERNAL SERVER ERROR
ML server call failed: HTTP Error 500: INTERNAL SERVER ERROR
ML server call failed: HTTP Error 500: INTERNAL SERVER ERROR
Analyzed 3/3 flows
Entropy: 1.58 | Total Pkts: 879858 | Threshold: 3.0
ML server call failed: HTTP Error 500: INTERNAL SERVER ERROR
ML server call failed: HTTP Error 500: INTERNAL SERVER ERROR
ML server call failed: HTTP Error 500: INTERNAL SERVER ERROR
Analyzed 3/3 flows
Entropy: 1.58 | Total Pkts: 907383 | Threshold: 3.0
ML server call failed: HTTP Error 500: INTERNAL SERVER ERROR
ML server call failed: HTTP Error 500: INTERNAL SERVER ERROR
ML server call failed: HTTP Error 500: INTERNAL SERVER ERROR
Analyzed 3/3 flows
Entropy: 1.58 | Total Pkts: 934917 | Threshold: 3.0
ML server call failed: HTTP Error 500: INTERNAL SERVER ERROR
ML server call failed: HTTP Error 500: INTERNAL SERVER ERROR
ML server call failed: HTTP Error 500: INTERNAL SERVER ERROR
Analyzed 3/3 flows
Entropy: 1.58 | Total Pkts: 962417 | Threshold: 3.0
ML server call failed: HTTP Error 500: INTERNAL SERVER ERROR
ML server call failed: HTTP Error 500: INTERNAL SERVER ERROR
ML server call failed: HTTP Error 500: INTERNAL SERVER ERROR
Analyzed 3/3 flows
Entropy: 1.58 | Total Pkts: 989893 | Threshold: 3.0
ML server call failed: HTTP Error 500: INTERNAL SERVER ERROR
ML server call failed: HTTP Error 500: INTERNAL SERVER ERROR
ML server call failed: HTTP Error 500: INTERNAL SERVER ERROR
Analyzed 3/3 flows
Entropy: 1.58 | Total Pkts: 1017423 | Threshold: 3.0
ML server call failed: HTTP Error 500: INTERNAL SERVER ERROR
ML server call failed: HTTP Error 500: INTERNAL SERVER ERROR
ML server call failed: HTTP Error 500: INTERNAL SERVER ERROR
Analyzed 3/3 flows
Entropy: 1.58 | Total Pkts: 1043569 | Threshold: 3.0
ML server call failed: HTTP Error 500: INTERNAL SERVER ERROR
ML server call failed: HTTP Error 500: INTERNAL SERVER ERROR
ML server call failed: HTTP Error 500: INTERNAL SERVER ERROR
Analyzed 3/3 flows
Entropy: 1.58 | Total Pkts: 1071011 | Threshold: 3.0
ML server call failed: HTTP Error 500: INTERNAL SERVER ERROR
ML server call failed: HTTP Error 500: INTERNAL SERVER ERROR
ML server call failed: HTTP Error 500: INTERNAL SERVER ERROR
Analyzed 3/3 flows
Entropy: 1.58 | Total Pkts: 1098601 | Threshold: 3.0
ML server call failed: HTTP Error 500: INTERNAL SERVER ERROR
ML server call failed: HTTP Error 500: INTERNAL SERVER ERROR
ML server call failed: HTTP Error 500: INTERNAL SERVER ERROR
Analyzed 3/3 flows
Entropy: 1.58 | Total Pkts: 1126139 | Threshold: 3.0
ML server call failed: HTTP Error 500: INTERNAL SERVER ERROR
ML server call failed: HTTP Error 500: INTERNAL SERVER ERROR
ML server call failed: HTTP Error 500: INTERNAL SERVER ERROR
Analyzed 3/3 flows
Entropy: 1.58 | Total Pkts: 1153816 | Threshold: 3.0
ML server call failed: HTTP Error 500: INTERNAL SERVER ERROR
ML server call failed: HTTP Error 500: INTERNAL SERVER ERROR
ML server call failed: HTTP Error 500: INTERNAL SERVER ERROR
Analyzed 3/3 flows
Entropy: 1.58 | Total Pkts: 1181406 | Threshold: 3.0
ML server call failed: HTTP Error 500: INTERNAL SERVER ERROR
ML server call failed: HTTP Error 500: INTERNAL SERVER ERROR
ML server call failed: HTTP Error 500: INTERNAL SERVER ERROR
Analyzed 3/3 flows
Entropy: 1.58 | Total Pkts: 1208827 | Threshold: 3.0
ML server call failed: HTTP Error 500: INTERNAL SERVER ERROR
ML server call failed: HTTP Error 500: INTERNAL SERVER ERROR
ML server call failed: HTTP Error 500: INTERNAL SERVER ERROR
Analyzed 3/3 flows
Entropy: 1.58 | Total Pkts: 1236308 | Threshold: 3.0
ML server call failed: HTTP Error 500: INTERNAL SERVER ERROR
ML server call failed: HTTP Error 500: INTERNAL SERVER ERROR
ML server call failed: HTTP Error 500: INTERNAL SERVER ERROR
Analyzed 3/3 flows
Entropy: 1.58 | Total Pkts: 1263836 | Threshold: 3.0
ML server call failed: HTTP Error 500: INTERNAL SERVER ERROR
ML server call failed: HTTP Error 500: INTERNAL SERVER ERROR
ML server call failed: HTTP Error 500: INTERNAL SERVER ERROR
Analyzed 3/3 flows
Entropy: 1.58 | Total Pkts: 1291334 | Threshold: 3.0
ML server call failed: HTTP Error 500: INTERNAL SERVER ERROR
ML server call failed: HTTP Error 500: INTERNAL SERVER ERROR
ML server call failed: HTTP Error 500: INTERNAL SERVER ERROR
Analyzed 3/3 flows
Entropy: 1.58 | Total Pkts: 1317559 | Threshold: 3.0
ML server call failed: HTTP Error 500: INTERNAL SERVER ERROR
ML server call failed: HTTP Error 500: INTERNAL SERVER ERROR
ML server call failed: HTTP Error 500: INTERNAL SERVER ERROR
Analyzed 3/3 flows
Entropy: 1.58 | Total Pkts: 1345125 | Threshold: 3.0
ML server call failed: HTTP Error 500: INTERNAL SERVER ERROR
ML server call failed: HTTP Error 500: INTERNAL SERVER ERROR
ML server call failed: HTTP Error 500: INTERNAL SERVER ERROR
Analyzed 3/3 flows
Entropy: 1.58 | Total Pkts: 1372844 | Threshold: 3.0
ML server call failed: HTTP Error 500: INTERNAL SERVER ERROR
ML server call failed: HTTP Error 500: INTERNAL SERVER ERROR
ML server call failed: HTTP Error 500: INTERNAL SERVER ERROR
Analyzed 3/3 flows
Entropy: 1.58 | Total Pkts: 1400469 | Threshold: 3.0
ML server call failed: HTTP Error 500: INTERNAL SERVER ERROR
ML server call failed: HTTP Error 500: INTERNAL SERVER ERROR
ML server call failed: HTTP Error 500: INTERNAL SERVER ERROR
Analyzed 3/3 flows
Entropy: 1.58 | Total Pkts: 1427999 | Threshold: 3.0
ML server call failed: HTTP Error 500: INTERNAL SERVER ERROR
ML server call failed: HTTP Error 500: INTERNAL SERVER ERROR
ML server call failed: HTTP Error 500: INTERNAL SERVER ERROR
Analyzed 3/3 flows
Entropy: 1.58 | Total Pkts: 1455220 | Threshold: 3.0
ML server call failed: HTTP Error 500: INTERNAL SERVER ERROR
ML server call failed: HTTP Error 500: INTERNAL SERVER ERROR
ML server call failed: HTTP Error 500: INTERNAL SERVER ERROR
Analyzed 3/3 flows
Entropy: 1.58 | Total Pkts: 1482733 | Threshold: 3.0
ML server call failed: HTTP Error 500: INTERNAL SERVER ERROR
ML server call failed: HTTP Error 500: INTERNAL SERVER ERROR
ML server call failed: HTTP Error 500: INTERNAL SERVER ERROR
Analyzed 3/3 flows
Entropy: 1.58 | Total Pkts: 1510128 | Threshold: 3.0
ML server call failed: HTTP Error 500: INTERNAL SERVER ERROR
ML server call failed: HTTP Error 500: INTERNAL SERVER ERROR
ML server call failed: HTTP Error 500: INTERNAL SERVER ERROR
Analyzed 3/3 flows
Entropy: 1.58 | Total Pkts: 1537579 | Threshold: 3.0
ML server call failed: HTTP Error 500: INTERNAL SERVER ERROR
ML server call failed: HTTP Error 500: INTERNAL SERVER ERROR
ML server call failed: HTTP Error 500: INTERNAL SERVER ERROR
Analyzed 3/3 flows
Entropy: 1.58 | Total Pkts: 1565095 | Threshold: 3.0
ML server call failed: HTTP Error 500: INTERNAL SERVER ERROR
ML server call failed: HTTP Error 500: INTERNAL SERVER ERROR
ML server call failed: HTTP Error 500: INTERNAL SERVER ERROR
Analyzed 3/3 flows
Entropy: 1.58 | Total Pkts: 1592729 | Threshold: 3.0
ML server call failed: HTTP Error 500: INTERNAL SERVER ERROR
ML server call failed: HTTP Error 500: INTERNAL SERVER ERROR
ML server call failed: HTTP Error 500: INTERNAL SERVER ERROR
Analyzed 3/3 flows
Entropy: 1.58 | Total Pkts: 1620312 | Threshold: 3.0
ML server call failed: HTTP Error 500: INTERNAL SERVER ERROR
ML server call failed: HTTP Error 500: INTERNAL SERVER ERROR
ML server call failed: HTTP Error 500: INTERNAL SERVER ERROR
Analyzed 3/3 flows
Entropy: 1.58 | Total Pkts: 1625435 | Threshold: 3.0
ML server call failed: HTTP Error 500: INTERNAL SERVER ERROR
ML server call failed: HTTP Error 500: INTERNAL SERVER ERROR
ML server call failed: HTTP Error 500: INTERNAL SERVER ERROR
Analyzed 3/3 flows
Entropy: 1.58 | Total Pkts: 1625435 | Threshold: 3.0
ML server call failed: HTTP Error 500: INTERNAL SERVER ERROR
ML server call failed: HTTP Error 500: INTERNAL SERVER ERROR
ML server call failed: HTTP Error 500: INTERNAL SERVER ERROR
Analyzed 3/3 flows
Entropy: 1.58 | Total Pkts: 1625435 | Threshold: 3.0
ML server call failed: HTTP Error 500: INTERNAL SERVER ERROR
ML server call failed: HTTP Error 500: INTERNAL SERVER ERROR
ML server call failed: HTTP Error 500: INTERNAL SERVER ERROR
Analyzed 3/3 flows
Entropy: 1.58 | Total Pkts: 1625435 | Threshold: 3.0
ML server call failed: HTTP Error 500: INTERNAL SERVER ERROR
ML server call failed: HTTP Error 500: INTERNAL SERVER ERROR
ML server call failed: HTTP Error 500: INTERNAL SERVER ERROR
Analyzed 3/3 flows
Entropy: 1.58 | Total Pkts: 1625435 | Threshold: 3.0
ML server call failed: HTTP Error 500: INTERNAL SERVER ERROR
ML server call failed: HTTP Error 500: INTERNAL SERVER ERROR
ML server call failed: HTTP Error 500: INTERNAL SERVER ERROR
Analyzed 3/3 flows
Entropy: 1.58 | Total Pkts: 1625435 | Threshold: 3.0
ML server call failed: HTTP Error 500: INTERNAL SERVER ERROR
ML server call failed: HTTP Error 500: INTERNAL SERVER ERROR
ML server call failed: HTTP Error 500: INTERNAL SERVER ERROR
Analyzed 3/3 flows
Entropy: 1.58 | Total Pkts: 1625435 | Threshold: 3.0
ML server call failed: HTTP Error 500: INTERNAL SERVER ERROR
ML server call failed: HTTP Error 500: INTERNAL SERVER ERROR
ML server call failed: HTTP Error 500: INTERNAL SERVER ERROR
Analyzed 3/3 flows
Entropy: 1.58 | Total Pkts: 1625435 | Threshold: 3.0
ML server call failed: HTTP Error 500: INTERNAL SERVER ERROR
ML server call failed: HTTP Error 500: INTERNAL SERVER ERROR
ML server call failed: HTTP Error 500: INTERNAL SERVER ERROR
Analyzed 3/3 flows
Entropy: 1.58 | Total Pkts: 1625435 | Threshold: 3.0
ML server call failed: HTTP Error 500: INTERNAL SERVER ERROR
ML server call failed: HTTP Error 500: INTERNAL SERVER ERROR
ML server call failed: HTTP Error 500: INTERNAL SERVER ERROR
Analyzed 3/3 flows
Entropy: 1.58 | Total Pkts: 1625435 | Threshold: 3.0
ML server call failed: HTTP Error 500: INTERNAL SERVER ERROR
ML server call failed: HTTP Error 500: INTERNAL SERVER ERROR
ML server call failed: HTTP Error 500: INTERNAL SERVER ERROR
Analyzed 3/3 flows
Entropy: 1.58 | Total Pkts: 1625435 | Threshold: 3.0
ML server call failed: HTTP Error 500: INTERNAL SERVER ERROR
ML server call failed: HTTP Error 500: INTERNAL SERVER ERROR
ML server call failed: HTTP Error 500: INTERNAL SERVER ERROR
Analyzed 3/3 flows
Entropy: 1.58 | Total Pkts: 1625435 | Threshold: 3.0
ML server call failed: HTTP Error 500: INTERNAL SERVER ERROR
ML server call failed: HTTP Error 500: INTERNAL SERVER ERROR
ML server call failed: HTTP Error 500: INTERNAL SERVER ERROR
Analyzed 3/3 flows
Entropy: 1.58 | Total Pkts: 1625435 | Threshold: 3.0
ML server call failed: HTTP Error 500: INTERNAL SERVER ERROR
ML server call failed: HTTP Error 500: INTERNAL SERVER ERROR
ML server call failed: HTTP Error 500: INTERNAL SERVER ERROR
Analyzed 3/3 flows
Entropy: 1.58 | Total Pkts: 1625435 | Threshold: 3.0
ML server call failed: HTTP Error 500: INTERNAL SERVER ERROR
ML server call failed: HTTP Error 500: INTERNAL SERVER ERROR
ML server call failed: HTTP Error 500: INTERNAL SERVER ERROR
Analyzed 3/3 flows
Entropy: 1.58 | Total Pkts: 1625435 | Threshold: 3.0
ML server call failed: HTTP Error 500: INTERNAL SERVER ERROR
ML server call failed: HTTP Error 500: INTERNAL SERVER ERROR
ML server call failed: HTTP Error 500: INTERNAL SERVER ERROR
Analyzed 3/3 flows
Entropy: 1.58 | Total Pkts: 1625435 | Threshold: 3.0
ML server call failed: HTTP Error 500: INTERNAL SERVER ERROR
ML server call failed: HTTP Error 500: INTERNAL SERVER ERROR
ML server call failed: HTTP Error 500: INTERNAL SERVER ERROR
Analyzed 3/3 flows
Entropy: 1.58 | Total Pkts: 1625435 | Threshold: 3.0
ML server call failed: HTTP Error 500: INTERNAL SERVER ERROR
ML server call failed: HTTP Error 500: INTERNAL SERVER ERROR
ML server call failed: HTTP Error 500: INTERNAL SERVER ERROR
Analyzed 3/3 flows
Entropy: 1.58 | Total Pkts: 1625435 | Threshold: 3.0
ML server call failed: HTTP Error 500: INTERNAL SERVER ERROR
ML server call failed: HTTP Error 500: INTERNAL SERVER ERROR
ML server call failed: HTTP Error 500: INTERNAL SERVER ERROR
Analyzed 3/3 flows
Entropy: 1.58 | Total Pkts: 1625435 | Threshold: 3.0
ML server call failed: HTTP Error 500: INTERNAL SERVER ERROR
ML server call failed: HTTP Error 500: INTERNAL SERVER ERROR
ML server call failed: HTTP Error 500: INTERNAL SERVER ERROR
Analyzed 3/3 flows
Entropy: 1.58 | Total Pkts: 1625435 | Threshold: 3.0
ML server call failed: HTTP Error 500: INTERNAL SERVER ERROR
ML server call failed: HTTP Error 500: INTERNAL SERVER ERROR
ML server call failed: HTTP Error 500: INTERNAL SERVER ERROR
Analyzed 3/3 flows
